// Jest Snapshot v1, https://goo.gl/fbAQLP

exports[`Header component Should redirect the user to home with Link 1`] = `
<a
  href="/"
  onClick={[Function]}
  onMouseEnter={[Function]}
  onTouchStart={[Function]}
/>
`;
